// Jest Snapshot v1, https://goo.gl/fbAQLP

exports[`>>>APP wda 1`] = `ShallowWrapper {}`;
